// Jest Snapshot v1, https://goo.gl/fbAQLP

exports[`ProductBasketCard render  1`] = `
<div>
  <article
    class="flex  w-full"
  >
    <div
      class="flex flex-col md:flex-row md:max-w-xl rounded-lg bg-white shadow-lg  w-full"
    >
      <img
        alt=""
        class=" h-24 w-24 object-contain"
      />
      <div
        class="p-6 flex flex-col justify-start space-y-3"
      >
        <h5
          class="text-2xl font-medium mb-2"
        >
          Product
        </h5>
        <p
          class="text-gray-600 text-1xl"
        >
          $
          1000
        </p>
        <div
          class="space-x-4 flex"
        >
          <button
            class="bg-red-400 text-neutral-50 text-1xl p-1"
          >
            Remove
          </button>
          <button
            class="bg-blue-400 text-neutral-50 text-1xl  p-1"
          >
            Add
          </button>
          <p>
            3
          </p>
        </div>
      </div>
    </div>
  </article>
</div>
`;
